// Vitest Snapshot v1, https://vitest.dev/guide/snapshot.html

exports[`DashboardLayout > snapshots > matches snapshot for governance path 1`] = `
<div>
  <div
    class="min-h-screen"
  >
    <header
      class="glass-card border-b border-border/50 sticky top-0 z-50"
    >
      <div
        class="container mx-auto px-6 py-4"
      >
        <div
          class="flex items-center justify-between mb-4"
        >
          <a
            class="flex items-center space-x-3 group"
            data-discover="true"
            href="/"
          >
            <div
              class="relative"
            >
              <div
                class="absolute inset-0 gradient-primary rounded-lg blur-xl opacity-50 group-hover:opacity-100 transition-smooth"
              />
              <div
                class="relative gradient-primary p-2 rounded-lg"
              >
                <svg
                  class="lucide lucide-database h-6 w-6 text-primary-foreground"
                  fill="none"
                  height="24"
                  stroke="currentColor"
                  stroke-linecap="round"
                  stroke-linejoin="round"
                  stroke-width="2"
                  viewBox="0 0 24 24"
                  width="24"
                  xmlns="http://www.w3.org/2000/svg"
                >
                  <ellipse
                    cx="12"
                    cy="5"
                    rx="9"
                    ry="3"
                  />
                  <path
                    d="M3 5V19A9 3 0 0 0 21 19V5"
                  />
                  <path
                    d="M3 12A9 3 0 0 0 21 12"
                  />
                </svg>
              </div>
            </div>
            <div>
              <h1
                class="text-2xl font-bold bg-gradient-to-r from-primary to-accent bg-clip-text text-transparent"
              >
                SCANTON
              </h1>
              <p
                class="text-xs text-muted-foreground"
              >
                Canton Network Analytics
              </p>
            </div>
          </a>
        </div>
        <nav
          class="flex flex-wrap gap-1"
        >
          <a
            class="flex items-center space-x-2 px-4 py-2 rounded-lg transition-smooth text-muted-foreground hover:text-foreground hover:bg-muted/50"
            data-discover="true"
            href="/"
          >
            <svg
              class="lucide lucide-chart-column h-4 w-4"
              fill="none"
              height="24"
              stroke="currentColor"
              stroke-linecap="round"
              stroke-linejoin="round"
              stroke-width="2"
              viewBox="0 0 24 24"
              width="24"
              xmlns="http://www.w3.org/2000/svg"
            >
              <path
                d="M3 3v16a2 2 0 0 0 2 2h16"
              />
              <path
                d="M18 17V9"
              />
              <path
                d="M13 17V5"
              />
              <path
                d="M8 17v-3"
              />
            </svg>
            <span
              class="text-sm font-medium"
            >
              Dashboard
            </span>
          </a>
          <a
            class="flex items-center space-x-2 px-4 py-2 rounded-lg transition-smooth text-muted-foreground hover:text-foreground hover:bg-muted/50"
            data-discover="true"
            href="/supply"
          >
            <svg
              class="lucide lucide-coins h-4 w-4"
              fill="none"
              height="24"
              stroke="currentColor"
              stroke-linecap="round"
              stroke-linejoin="round"
              stroke-width="2"
              viewBox="0 0 24 24"
              width="24"
              xmlns="http://www.w3.org/2000/svg"
            >
              <circle
                cx="8"
                cy="8"
                r="6"
              />
              <path
                d="M18.09 10.37A6 6 0 1 1 10.34 18"
              />
              <path
                d="M7 6h1v4"
              />
              <path
                d="m16.71 13.88.7.71-2.82 2.82"
              />
            </svg>
            <span
              class="text-sm font-medium"
            >
              Supply
            </span>
          </a>
          <a
            class="flex items-center space-x-2 px-4 py-2 rounded-lg transition-smooth text-muted-foreground hover:text-foreground hover:bg-muted/50"
            data-discover="true"
            href="/rich-list"
          >
            <svg
              class="lucide lucide-wallet h-4 w-4"
              fill="none"
              height="24"
              stroke="currentColor"
              stroke-linecap="round"
              stroke-linejoin="round"
              stroke-width="2"
              viewBox="0 0 24 24"
              width="24"
              xmlns="http://www.w3.org/2000/svg"
            >
              <path
                d="M19 7V4a1 1 0 0 0-1-1H5a2 2 0 0 0 0 4h15a1 1 0 0 1 1 1v4h-3a2 2 0 0 0 0 4h3a1 1 0 0 0 1-1v-2a1 1 0 0 0-1-1"
              />
              <path
                d="M3 5v14a2 2 0 0 0 2 2h15a1 1 0 0 0 1-1v-4"
              />
            </svg>
            <span
              class="text-sm font-medium"
            >
              Rich List
            </span>
          </a>
          <a
            class="flex items-center space-x-2 px-4 py-2 rounded-lg transition-smooth text-muted-foreground hover:text-foreground hover:bg-muted/50"
            data-discover="true"
            href="/transactions"
          >
            <svg
              class="lucide lucide-activity h-4 w-4"
              fill="none"
              height="24"
              stroke="currentColor"
              stroke-linecap="round"
              stroke-linejoin="round"
              stroke-width="2"
              viewBox="0 0 24 24"
              width="24"
              xmlns="http://www.w3.org/2000/svg"
            >
              <path
                d="M22 12h-2.48a2 2 0 0 0-1.93 1.46l-2.35 8.36a.25.25 0 0 1-.48 0L9.24 2.18a.25.25 0 0 0-.48 0l-2.35 8.36A2 2 0 0 1 4.49 12H2"
              />
            </svg>
            <span
              class="text-sm font-medium"
            >
              Transactions
            </span>
          </a>
          <a
            class="flex items-center space-x-2 px-4 py-2 rounded-lg transition-smooth text-muted-foreground hover:text-foreground hover:bg-muted/50"
            data-discover="true"
            href="/transfers"
          >
            <svg
              class="lucide lucide-arrow-right-left h-4 w-4"
              fill="none"
              height="24"
              stroke="currentColor"
              stroke-linecap="round"
              stroke-linejoin="round"
              stroke-width="2"
              viewBox="0 0 24 24"
              width="24"
              xmlns="http://www.w3.org/2000/svg"
            >
              <path
                d="m16 3 4 4-4 4"
              />
              <path
                d="M20 7H4"
              />
              <path
                d="m8 21-4-4 4-4"
              />
              <path
                d="M4 17h16"
              />
            </svg>
            <span
              class="text-sm font-medium"
            >
              Transfers
            </span>
          </a>
          <a
            class="flex items-center space-x-2 px-4 py-2 rounded-lg transition-smooth text-muted-foreground hover:text-foreground hover:bg-muted/50"
            data-discover="true"
            href="/validators"
          >
            <svg
              class="lucide lucide-zap h-4 w-4"
              fill="none"
              height="24"
              stroke="currentColor"
              stroke-linecap="round"
              stroke-linejoin="round"
              stroke-width="2"
              viewBox="0 0 24 24"
              width="24"
              xmlns="http://www.w3.org/2000/svg"
            >
              <path
                d="M4 14a1 1 0 0 1-.78-1.63l9.9-10.2a.5.5 0 0 1 .86.46l-1.92 6.02A1 1 0 0 0 13 10h7a1 1 0 0 1 .78 1.63l-9.9 10.2a.5.5 0 0 1-.86-.46l1.92-6.02A1 1 0 0 0 11 14z"
              />
            </svg>
            <span
              class="text-sm font-medium"
            >
              Validators/SVs
            </span>
          </a>
          <a
            class="flex items-center space-x-2 px-4 py-2 rounded-lg transition-smooth text-muted-foreground hover:text-foreground hover:bg-muted/50"
            data-discover="true"
            href="/validator-licenses"
          >
            <svg
              class="lucide lucide-ticket h-4 w-4"
              fill="none"
              height="24"
              stroke="currentColor"
              stroke-linecap="round"
              stroke-linejoin="round"
              stroke-width="2"
              viewBox="0 0 24 24"
              width="24"
              xmlns="http://www.w3.org/2000/svg"
            >
              <path
                d="M2 9a3 3 0 0 1 0 6v2a2 2 0 0 0 2 2h16a2 2 0 0 0 2-2v-2a3 3 0 0 1 0-6V7a2 2 0 0 0-2-2H4a2 2 0 0 0-2 2Z"
              />
              <path
                d="M13 5v2"
              />
              <path
                d="M13 17v2"
              />
              <path
                d="M13 11v2"
              />
            </svg>
            <span
              class="text-sm font-medium"
            >
              Validator Licenses
            </span>
          </a>
          <a
            class="flex items-center space-x-2 px-4 py-2 rounded-lg transition-smooth text-muted-foreground hover:text-foreground hover:bg-muted/50"
            data-discover="true"
            href="/round-stats"
          >
            <svg
              class="lucide lucide-layers h-4 w-4"
              fill="none"
              height="24"
              stroke="currentColor"
              stroke-linecap="round"
              stroke-linejoin="round"
              stroke-width="2"
              viewBox="0 0 24 24"
              width="24"
              xmlns="http://www.w3.org/2000/svg"
            >
              <path
                d="m12.83 2.18a2 2 0 0 0-1.66 0L2.6 6.08a1 1 0 0 0 0 1.83l8.58 3.91a2 2 0 0 0 1.66 0l8.58-3.9a1 1 0 0 0 0-1.83Z"
              />
              <path
                d="m22 17.65-9.17 4.16a2 2 0 0 1-1.66 0L2 17.65"
              />
              <path
                d="m22 12.65-9.17 4.16a2 2 0 0 1-1.66 0L2 12.65"
              />
            </svg>
            <span
              class="text-sm font-medium"
            >
              Round Stats
            </span>
          </a>
          <a
            class="flex items-center space-x-2 px-4 py-2 rounded-lg transition-smooth text-muted-foreground hover:text-foreground hover:bg-muted/50"
            data-discover="true"
            href="/ans"
          >
            <svg
              class="lucide lucide-globe h-4 w-4"
              fill="none"
              height="24"
              stroke="currentColor"
              stroke-linecap="round"
              stroke-linejoin="round"
              stroke-width="2"
              viewBox="0 0 24 24"
              width="24"
              xmlns="http://www.w3.org/2000/svg"
            >
              <circle
                cx="12"
                cy="12"
                r="10"
              />
              <path
                d="M12 2a14.5 14.5 0 0 0 0 20 14.5 14.5 0 0 0 0-20"
              />
              <path
                d="M2 12h20"
              />
            </svg>
            <span
              class="text-sm font-medium"
            >
              ANS
            </span>
          </a>
          <a
            class="flex items-center space-x-2 px-4 py-2 rounded-lg transition-smooth text-muted-foreground hover:text-foreground hover:bg-muted/50"
            data-discover="true"
            href="/apps"
          >
            <svg
              class="lucide lucide-package h-4 w-4"
              fill="none"
              height="24"
              stroke="currentColor"
              stroke-linecap="round"
              stroke-linejoin="round"
              stroke-width="2"
              viewBox="0 0 24 24"
              width="24"
              xmlns="http://www.w3.org/2000/svg"
            >
              <path
                d="M11 21.73a2 2 0 0 0 2 0l7-4A2 2 0 0 0 21 16V8a2 2 0 0 0-1-1.73l-7-4a2 2 0 0 0-2 0l-7 4A2 2 0 0 0 3 8v8a2 2 0 0 0 1 1.73z"
              />
              <path
                d="M12 22V12"
              />
              <path
                d="m3.3 7 7.703 4.734a2 2 0 0 0 1.994 0L20.7 7"
              />
              <path
                d="m7.5 4.27 9 5.15"
              />
            </svg>
            <span
              class="text-sm font-medium"
            >
              Featured Apps
            </span>
          </a>
          <a
            class="flex items-center space-x-2 px-4 py-2 rounded-lg transition-smooth bg-primary/10 text-primary"
            data-discover="true"
            href="/governance"
          >
            <svg
              class="lucide lucide-vote h-4 w-4"
              fill="none"
              height="24"
              stroke="currentColor"
              stroke-linecap="round"
              stroke-linejoin="round"
              stroke-width="2"
              viewBox="0 0 24 24"
              width="24"
              xmlns="http://www.w3.org/2000/svg"
            >
              <path
                d="m9 12 2 2 4-4"
              />
              <path
                d="M5 7c0-1.1.9-2 2-2h10a2 2 0 0 1 2 2v12H5V7Z"
              />
              <path
                d="M22 19H2"
              />
            </svg>
            <span
              class="text-sm font-medium"
            >
              Governance
            </span>
          </a>
          <a
            class="flex items-center space-x-2 px-4 py-2 rounded-lg transition-smooth text-muted-foreground hover:text-foreground hover:bg-muted/50"
            data-discover="true"
            href="/governance-flow"
          >
            <svg
              class="lucide lucide-git-branch h-4 w-4"
              fill="none"
              height="24"
              stroke="currentColor"
              stroke-linecap="round"
              stroke-linejoin="round"
              stroke-width="2"
              viewBox="0 0 24 24"
              width="24"
              xmlns="http://www.w3.org/2000/svg"
            >
              <line
                x1="6"
                x2="6"
                y1="3"
                y2="15"
              />
              <circle
                cx="18"
                cy="6"
                r="3"
              />
              <circle
                cx="6"
                cy="18"
                r="3"
              />
              <path
                d="M18 9a9 9 0 0 1-9 9"
              />
            </svg>
            <span
              class="text-sm font-medium"
            >
              Governance Flow
            </span>
          </a>
          <a
            class="flex items-center space-x-2 px-4 py-2 rounded-lg transition-smooth text-muted-foreground hover:text-foreground hover:bg-muted/50"
            data-discover="true"
            href="/elections"
          >
            <svg
              class="lucide lucide-vote h-4 w-4"
              fill="none"
              height="24"
              stroke="currentColor"
              stroke-linecap="round"
              stroke-linejoin="round"
              stroke-width="2"
              viewBox="0 0 24 24"
              width="24"
              xmlns="http://www.w3.org/2000/svg"
            >
              <path
                d="m9 12 2 2 4-4"
              />
              <path
                d="M5 7c0-1.1.9-2 2-2h10a2 2 0 0 1 2 2v12H5V7Z"
              />
              <path
                d="M22 19H2"
              />
            </svg>
            <span
              class="text-sm font-medium"
            >
              Elections
            </span>
          </a>
          <a
            class="flex items-center space-x-2 px-4 py-2 rounded-lg transition-smooth text-muted-foreground hover:text-foreground hover:bg-muted/50"
            data-discover="true"
            href="/external-party-setup"
          >
            <svg
              class="lucide lucide-user-plus h-4 w-4"
              fill="none"
              height="24"
              stroke="currentColor"
              stroke-linecap="round"
              stroke-linejoin="round"
              stroke-width="2"
              viewBox="0 0 24 24"
              width="24"
              xmlns="http://www.w3.org/2000/svg"
            >
              <path
                d="M16 21v-2a4 4 0 0 0-4-4H6a4 4 0 0 0-4 4v2"
              />
              <circle
                cx="9"
                cy="7"
                r="4"
              />
              <line
                x1="19"
                x2="19"
                y1="8"
                y2="14"
              />
              <line
                x1="22"
                x2="16"
                y1="11"
                y2="11"
              />
            </svg>
            <span
              class="text-sm font-medium"
            >
              External Party
            </span>
          </a>
          <a
            class="flex items-center space-x-2 px-4 py-2 rounded-lg transition-smooth text-muted-foreground hover:text-foreground hover:bg-muted/50"
            data-discover="true"
            href="/transfer-counters"
          >
            <svg
              class="lucide lucide-hash h-4 w-4"
              fill="none"
              height="24"
              stroke="currentColor"
              stroke-linecap="round"
              stroke-linejoin="round"
              stroke-width="2"
              viewBox="0 0 24 24"
              width="24"
              xmlns="http://www.w3.org/2000/svg"
            >
              <line
                x1="4"
                x2="20"
                y1="9"
                y2="9"
              />
              <line
                x1="4"
                x2="20"
                y1="15"
                y2="15"
              />
              <line
                x1="10"
                x2="8"
                y1="3"
                y2="21"
              />
              <line
                x1="16"
                x2="14"
                y1="3"
                y2="21"
              />
            </svg>
            <span
              class="text-sm font-medium"
            >
              Transfer Counters
            </span>
          </a>
          <a
            class="flex items-center space-x-2 px-4 py-2 rounded-lg transition-smooth text-muted-foreground hover:text-foreground hover:bg-muted/50"
            data-discover="true"
            href="/external-party-rules"
          >
            <svg
              class="lucide lucide-shield h-4 w-4"
              fill="none"
              height="24"
              stroke="currentColor"
              stroke-linecap="round"
              stroke-linejoin="round"
              stroke-width="2"
              viewBox="0 0 24 24"
              width="24"
              xmlns="http://www.w3.org/2000/svg"
            >
              <path
                d="M20 13c0 5-3.5 7.5-7.66 8.95a1 1 0 0 1-.67-.01C7.5 20.5 4 18 4 13V6a1 1 0 0 1 1-1c2 0 4.5-1.2 6.24-2.72a1.17 1.17 0 0 1 1.52 0C14.51 3.81 17 5 19 5a1 1 0 0 1 1 1z"
              />
            </svg>
            <span
              class="text-sm font-medium"
            >
              External Party Rules
            </span>
          </a>
          <a
            class="flex items-center space-x-2 px-4 py-2 rounded-lg transition-smooth text-muted-foreground hover:text-foreground hover:bg-muted/50"
            data-discover="true"
            href="/amulet-rules"
          >
            <svg
              class="lucide lucide-shield h-4 w-4"
              fill="none"
              height="24"
              stroke="currentColor"
              stroke-linecap="round"
              stroke-linejoin="round"
              stroke-width="2"
              viewBox="0 0 24 24"
              width="24"
              xmlns="http://www.w3.org/2000/svg"
            >
              <path
                d="M20 13c0 5-3.5 7.5-7.66 8.95a1 1 0 0 1-.67-.01C7.5 20.5 4 18 4 13V6a1 1 0 0 1 1-1c2 0 4.5-1.2 6.24-2.72a1.17 1.17 0 0 1 1.52 0C14.51 3.81 17 5 19 5a1 1 0 0 1 1 1z"
              />
            </svg>
            <span
              class="text-sm font-medium"
            >
              Amulet Rules
            </span>
          </a>
          <a
            class="flex items-center space-x-2 px-4 py-2 rounded-lg transition-smooth text-muted-foreground hover:text-foreground hover:bg-muted/50"
            data-discover="true"
            href="/stats"
          >
            <svg
              class="lucide lucide-database h-4 w-4"
              fill="none"
              height="24"
              stroke="currentColor"
              stroke-linecap="round"
              stroke-linejoin="round"
              stroke-width="2"
              viewBox="0 0 24 24"
              width="24"
              xmlns="http://www.w3.org/2000/svg"
            >
              <ellipse
                cx="12"
                cy="5"
                rx="9"
                ry="3"
              />
              <path
                d="M3 5V19A9 3 0 0 0 21 19V5"
              />
              <path
                d="M3 12A9 3 0 0 0 21 12"
              />
            </svg>
            <span
              class="text-sm font-medium"
            >
              Statistics
            </span>
          </a>
          <a
            class="flex items-center space-x-2 px-4 py-2 rounded-lg transition-smooth text-muted-foreground hover:text-foreground hover:bg-muted/50"
            data-discover="true"
            href="/unclaimed-sv-rewards"
          >
            <svg
              class="lucide lucide-award h-4 w-4"
              fill="none"
              height="24"
              stroke="currentColor"
              stroke-linecap="round"
              stroke-linejoin="round"
              stroke-width="2"
              viewBox="0 0 24 24"
              width="24"
              xmlns="http://www.w3.org/2000/svg"
            >
              <path
                d="m15.477 12.89 1.515 8.526a.5.5 0 0 1-.81.47l-3.58-2.687a1 1 0 0 0-1.197 0l-3.586 2.686a.5.5 0 0 1-.81-.469l1.514-8.526"
              />
              <circle
                cx="12"
                cy="8"
                r="6"
              />
            </svg>
            <span
              class="text-sm font-medium"
            >
              SV Rewards
            </span>
          </a>
          <a
            class="flex items-center space-x-2 px-4 py-2 rounded-lg transition-smooth text-muted-foreground hover:text-foreground hover:bg-muted/50"
            data-discover="true"
            href="/member-traffic"
          >
            <svg
              class="lucide lucide-radio h-4 w-4"
              fill="none"
              height="24"
              stroke="currentColor"
              stroke-linecap="round"
              stroke-linejoin="round"
              stroke-width="2"
              viewBox="0 0 24 24"
              width="24"
              xmlns="http://www.w3.org/2000/svg"
            >
              <path
                d="M4.9 19.1C1 15.2 1 8.8 4.9 4.9"
              />
              <path
                d="M7.8 16.2c-2.3-2.3-2.3-6.1 0-8.5"
              />
              <circle
                cx="12"
                cy="12"
                r="2"
              />
              <path
                d="M16.2 7.8c2.3 2.3 2.3 6.1 0 8.5"
              />
              <path
                d="M19.1 4.9C23 8.8 23 15.1 19.1 19"
              />
            </svg>
            <span
              class="text-sm font-medium"
            >
              Member Traffic
            </span>
          </a>
          <a
            class="flex items-center space-x-2 px-4 py-2 rounded-lg transition-smooth text-muted-foreground hover:text-foreground hover:bg-muted/50"
            data-discover="true"
            href="/subscriptions"
          >
            <svg
              class="lucide lucide-package h-4 w-4"
              fill="none"
              height="24"
              stroke="currentColor"
              stroke-linecap="round"
              stroke-linejoin="round"
              stroke-width="2"
              viewBox="0 0 24 24"
              width="24"
              xmlns="http://www.w3.org/2000/svg"
            >
              <path
                d="M11 21.73a2 2 0 0 0 2 0l7-4A2 2 0 0 0 21 16V8a2 2 0 0 0-1-1.73l-7-4a2 2 0 0 0-2 0l-7 4A2 2 0 0 0 3 8v8a2 2 0 0 0 1 1.73z"
              />
              <path
                d="M12 22V12"
              />
              <path
                d="m3.3 7 7.703 4.734a2 2 0 0 0 1.994 0L20.7 7"
              />
              <path
                d="m7.5 4.27 9 5.15"
              />
            </svg>
            <span
              class="text-sm font-medium"
            >
              Subscriptions
            </span>
          </a>
          <a
            class="flex items-center space-x-2 px-4 py-2 rounded-lg transition-smooth text-muted-foreground hover:text-foreground hover:bg-muted/50"
            data-discover="true"
            href="/dso-state"
          >
            <svg
              class="lucide lucide-users h-4 w-4"
              fill="none"
              height="24"
              stroke="currentColor"
              stroke-linecap="round"
              stroke-linejoin="round"
              stroke-width="2"
              viewBox="0 0 24 24"
              width="24"
              xmlns="http://www.w3.org/2000/svg"
            >
              <path
                d="M16 21v-2a4 4 0 0 0-4-4H6a4 4 0 0 0-4 4v2"
              />
              <circle
                cx="9"
                cy="7"
                r="4"
              />
              <path
                d="M22 21v-2a4 4 0 0 0-3-3.87"
              />
              <path
                d="M16 3.13a4 4 0 0 1 0 7.75"
              />
            </svg>
            <span
              class="text-sm font-medium"
            >
              DSO State
            </span>
          </a>
          <a
            class="flex items-center space-x-2 px-4 py-2 rounded-lg transition-smooth text-muted-foreground hover:text-foreground hover:bg-muted/50"
            data-discover="true"
            href="/snapshot-progress"
          >
            <svg
              class="lucide lucide-upload h-4 w-4"
              fill="none"
              height="24"
              stroke="currentColor"
              stroke-linecap="round"
              stroke-linejoin="round"
              stroke-width="2"
              viewBox="0 0 24 24"
              width="24"
              xmlns="http://www.w3.org/2000/svg"
            >
              <path
                d="M21 15v4a2 2 0 0 1-2 2H5a2 2 0 0 1-2-2v-4"
              />
              <polyline
                points="17 8 12 3 7 8"
              />
              <line
                x1="12"
                x2="12"
                y1="3"
                y2="15"
              />
            </svg>
            <span
              class="text-sm font-medium"
            >
              ACS Snapshot
            </span>
          </a>
          <a
            class="flex items-center space-x-2 px-4 py-2 rounded-lg transition-smooth text-muted-foreground hover:text-foreground hover:bg-muted/50"
            data-discover="true"
            href="/ingestion"
          >
            <svg
              class="lucide lucide-database h-4 w-4"
              fill="none"
              height="24"
              stroke="currentColor"
              stroke-linecap="round"
              stroke-linejoin="round"
              stroke-width="2"
              viewBox="0 0 24 24"
              width="24"
              xmlns="http://www.w3.org/2000/svg"
            >
              <ellipse
                cx="12"
                cy="5"
                rx="9"
                ry="3"
              />
              <path
                d="M3 5V19A9 3 0 0 0 21 19V5"
              />
              <path
                d="M3 12A9 3 0 0 0 21 12"
              />
            </svg>
            <span
              class="text-sm font-medium"
            >
              Ingestion
            </span>
          </a>
          <a
            class="flex items-center space-x-2 px-4 py-2 rounded-lg transition-smooth text-muted-foreground hover:text-foreground hover:bg-muted/50"
            data-discover="true"
            href="/backfill-progress"
          >
            <svg
              class="lucide lucide-clock h-4 w-4"
              fill="none"
              height="24"
              stroke="currentColor"
              stroke-linecap="round"
              stroke-linejoin="round"
              stroke-width="2"
              viewBox="0 0 24 24"
              width="24"
              xmlns="http://www.w3.org/2000/svg"
            >
              <circle
                cx="12"
                cy="12"
                r="10"
              />
              <polyline
                points="12 6 12 12 16 14"
              />
            </svg>
            <span
              class="text-sm font-medium"
            >
              Backfill Progress
            </span>
          </a>
          <a
            class="flex items-center space-x-2 px-4 py-2 rounded-lg transition-smooth text-muted-foreground hover:text-foreground hover:bg-muted/50"
            data-discover="true"
            href="/live-updates"
          >
            <svg
              class="lucide lucide-trending-up h-4 w-4"
              fill="none"
              height="24"
              stroke="currentColor"
              stroke-linecap="round"
              stroke-linejoin="round"
              stroke-width="2"
              viewBox="0 0 24 24"
              width="24"
              xmlns="http://www.w3.org/2000/svg"
            >
              <polyline
                points="22 7 13.5 15.5 8.5 10.5 2 17"
              />
              <polyline
                points="16 7 22 7 22 13"
              />
            </svg>
            <span
              class="text-sm font-medium"
            >
              Live Updates
            </span>
          </a>
          <a
            class="flex items-center space-x-2 px-4 py-2 rounded-lg transition-smooth text-muted-foreground hover:text-foreground hover:bg-muted/50"
            data-discover="true"
            href="/kaiko-feed"
          >
            <svg
              class="lucide lucide-chart-candlestick h-4 w-4"
              fill="none"
              height="24"
              stroke="currentColor"
              stroke-linecap="round"
              stroke-linejoin="round"
              stroke-width="2"
              viewBox="0 0 24 24"
              width="24"
              xmlns="http://www.w3.org/2000/svg"
            >
              <path
                d="M9 5v4"
              />
              <rect
                height="6"
                rx="1"
                width="4"
                x="7"
                y="9"
              />
              <path
                d="M9 15v2"
              />
              <path
                d="M17 3v2"
              />
              <rect
                height="8"
                rx="1"
                width="4"
                x="15"
                y="5"
              />
              <path
                d="M17 13v3"
              />
              <path
                d="M3 3v16a2 2 0 0 0 2 2h16"
              />
            </svg>
            <span
              class="text-sm font-medium"
            >
              Kaiko Feed
            </span>
          </a>
          <a
            class="flex items-center space-x-2 px-4 py-2 rounded-lg transition-smooth text-muted-foreground hover:text-foreground hover:bg-muted/50"
            data-discover="true"
            href="/admin"
          >
            <svg
              class="lucide lucide-shield h-4 w-4"
              fill="none"
              height="24"
              stroke="currentColor"
              stroke-linecap="round"
              stroke-linejoin="round"
              stroke-width="2"
              viewBox="0 0 24 24"
              width="24"
              xmlns="http://www.w3.org/2000/svg"
            >
              <path
                d="M20 13c0 5-3.5 7.5-7.66 8.95a1 1 0 0 1-.67-.01C7.5 20.5 4 18 4 13V6a1 1 0 0 1 1-1c2 0 4.5-1.2 6.24-2.72a1.17 1.17 0 0 1 1.52 0C14.51 3.81 17 5 19 5a1 1 0 0 1 1 1z"
              />
            </svg>
            <span
              class="text-sm font-medium"
            >
              Admin
            </span>
          </a>
          <a
            class="flex items-center space-x-2 px-4 py-2 rounded-lg transition-smooth text-muted-foreground hover:text-foreground hover:bg-muted/50"
            data-discover="true"
            href="/templates"
          >
            <svg
              class="lucide lucide-file-text h-4 w-4"
              fill="none"
              height="24"
              stroke="currentColor"
              stroke-linecap="round"
              stroke-linejoin="round"
              stroke-width="2"
              viewBox="0 0 24 24"
              width="24"
              xmlns="http://www.w3.org/2000/svg"
            >
              <path
                d="M15 2H6a2 2 0 0 0-2 2v16a2 2 0 0 0 2 2h12a2 2 0 0 0 2-2V7Z"
              />
              <path
                d="M14 2v4a2 2 0 0 0 2 2h4"
              />
              <path
                d="M10 9H8"
              />
              <path
                d="M16 13H8"
              />
              <path
                d="M16 17H8"
              />
            </svg>
            <span
              class="text-sm font-medium"
            >
              Templates
            </span>
          </a>
        </nav>
      </div>
    </header>
    <main
      class="container mx-auto px-6 py-8"
    >
      <div
        data-testid="child-content"
      >
        Test Content
      </div>
    </main>
    <div
      class="fixed bottom-4 right-4 z-50"
    >
      <div
        class="p-2 rounded-full shadow-lg border transition-all bg-muted border-muted-foreground/20 animate-pulse"
        data-state="closed"
      >
        <svg
          class="lucide lucide-wifi h-5 w-5 text-muted-foreground animate-pulse"
          fill="none"
          height="24"
          stroke="currentColor"
          stroke-linecap="round"
          stroke-linejoin="round"
          stroke-width="2"
          viewBox="0 0 24 24"
          width="24"
          xmlns="http://www.w3.org/2000/svg"
        >
          <path
            d="M12 20h.01"
          />
          <path
            d="M2 8.82a15 15 0 0 1 20 0"
          />
          <path
            d="M5 12.859a10 10 0 0 1 14 0"
          />
          <path
            d="M8.5 16.429a5 5 0 0 1 7 0"
          />
        </svg>
      </div>
    </div>
  </div>
</div>
`;

exports[`DashboardLayout > snapshots > matches snapshot for root path 1`] = `
<div>
  <div
    class="min-h-screen"
  >
    <header
      class="glass-card border-b border-border/50 sticky top-0 z-50"
    >
      <div
        class="container mx-auto px-6 py-4"
      >
        <div
          class="flex items-center justify-between mb-4"
        >
          <a
            class="flex items-center space-x-3 group"
            data-discover="true"
            href="/"
          >
            <div
              class="relative"
            >
              <div
                class="absolute inset-0 gradient-primary rounded-lg blur-xl opacity-50 group-hover:opacity-100 transition-smooth"
              />
              <div
                class="relative gradient-primary p-2 rounded-lg"
              >
                <svg
                  class="lucide lucide-database h-6 w-6 text-primary-foreground"
                  fill="none"
                  height="24"
                  stroke="currentColor"
                  stroke-linecap="round"
                  stroke-linejoin="round"
                  stroke-width="2"
                  viewBox="0 0 24 24"
                  width="24"
                  xmlns="http://www.w3.org/2000/svg"
                >
                  <ellipse
                    cx="12"
                    cy="5"
                    rx="9"
                    ry="3"
                  />
                  <path
                    d="M3 5V19A9 3 0 0 0 21 19V5"
                  />
                  <path
                    d="M3 12A9 3 0 0 0 21 12"
                  />
                </svg>
              </div>
            </div>
            <div>
              <h1
                class="text-2xl font-bold bg-gradient-to-r from-primary to-accent bg-clip-text text-transparent"
              >
                SCANTON
              </h1>
              <p
                class="text-xs text-muted-foreground"
              >
                Canton Network Analytics
              </p>
            </div>
          </a>
        </div>
        <nav
          class="flex flex-wrap gap-1"
        >
          <a
            class="flex items-center space-x-2 px-4 py-2 rounded-lg transition-smooth bg-primary/10 text-primary"
            data-discover="true"
            href="/"
          >
            <svg
              class="lucide lucide-chart-column h-4 w-4"
              fill="none"
              height="24"
              stroke="currentColor"
              stroke-linecap="round"
              stroke-linejoin="round"
              stroke-width="2"
              viewBox="0 0 24 24"
              width="24"
              xmlns="http://www.w3.org/2000/svg"
            >
              <path
                d="M3 3v16a2 2 0 0 0 2 2h16"
              />
              <path
                d="M18 17V9"
              />
              <path
                d="M13 17V5"
              />
              <path
                d="M8 17v-3"
              />
            </svg>
            <span
              class="text-sm font-medium"
            >
              Dashboard
            </span>
          </a>
          <a
            class="flex items-center space-x-2 px-4 py-2 rounded-lg transition-smooth text-muted-foreground hover:text-foreground hover:bg-muted/50"
            data-discover="true"
            href="/supply"
          >
            <svg
              class="lucide lucide-coins h-4 w-4"
              fill="none"
              height="24"
              stroke="currentColor"
              stroke-linecap="round"
              stroke-linejoin="round"
              stroke-width="2"
              viewBox="0 0 24 24"
              width="24"
              xmlns="http://www.w3.org/2000/svg"
            >
              <circle
                cx="8"
                cy="8"
                r="6"
              />
              <path
                d="M18.09 10.37A6 6 0 1 1 10.34 18"
              />
              <path
                d="M7 6h1v4"
              />
              <path
                d="m16.71 13.88.7.71-2.82 2.82"
              />
            </svg>
            <span
              class="text-sm font-medium"
            >
              Supply
            </span>
          </a>
          <a
            class="flex items-center space-x-2 px-4 py-2 rounded-lg transition-smooth text-muted-foreground hover:text-foreground hover:bg-muted/50"
            data-discover="true"
            href="/rich-list"
          >
            <svg
              class="lucide lucide-wallet h-4 w-4"
              fill="none"
              height="24"
              stroke="currentColor"
              stroke-linecap="round"
              stroke-linejoin="round"
              stroke-width="2"
              viewBox="0 0 24 24"
              width="24"
              xmlns="http://www.w3.org/2000/svg"
            >
              <path
                d="M19 7V4a1 1 0 0 0-1-1H5a2 2 0 0 0 0 4h15a1 1 0 0 1 1 1v4h-3a2 2 0 0 0 0 4h3a1 1 0 0 0 1-1v-2a1 1 0 0 0-1-1"
              />
              <path
                d="M3 5v14a2 2 0 0 0 2 2h15a1 1 0 0 0 1-1v-4"
              />
            </svg>
            <span
              class="text-sm font-medium"
            >
              Rich List
            </span>
          </a>
          <a
            class="flex items-center space-x-2 px-4 py-2 rounded-lg transition-smooth text-muted-foreground hover:text-foreground hover:bg-muted/50"
            data-discover="true"
            href="/transactions"
          >
            <svg
              class="lucide lucide-activity h-4 w-4"
              fill="none"
              height="24"
              stroke="currentColor"
              stroke-linecap="round"
              stroke-linejoin="round"
              stroke-width="2"
              viewBox="0 0 24 24"
              width="24"
              xmlns="http://www.w3.org/2000/svg"
            >
              <path
                d="M22 12h-2.48a2 2 0 0 0-1.93 1.46l-2.35 8.36a.25.25 0 0 1-.48 0L9.24 2.18a.25.25 0 0 0-.48 0l-2.35 8.36A2 2 0 0 1 4.49 12H2"
              />
            </svg>
            <span
              class="text-sm font-medium"
            >
              Transactions
            </span>
          </a>
          <a
            class="flex items-center space-x-2 px-4 py-2 rounded-lg transition-smooth text-muted-foreground hover:text-foreground hover:bg-muted/50"
            data-discover="true"
            href="/transfers"
          >
            <svg
              class="lucide lucide-arrow-right-left h-4 w-4"
              fill="none"
              height="24"
              stroke="currentColor"
              stroke-linecap="round"
              stroke-linejoin="round"
              stroke-width="2"
              viewBox="0 0 24 24"
              width="24"
              xmlns="http://www.w3.org/2000/svg"
            >
              <path
                d="m16 3 4 4-4 4"
              />
              <path
                d="M20 7H4"
              />
              <path
                d="m8 21-4-4 4-4"
              />
              <path
                d="M4 17h16"
              />
            </svg>
            <span
              class="text-sm font-medium"
            >
              Transfers
            </span>
          </a>
          <a
            class="flex items-center space-x-2 px-4 py-2 rounded-lg transition-smooth text-muted-foreground hover:text-foreground hover:bg-muted/50"
            data-discover="true"
            href="/validators"
          >
            <svg
              class="lucide lucide-zap h-4 w-4"
              fill="none"
              height="24"
              stroke="currentColor"
              stroke-linecap="round"
              stroke-linejoin="round"
              stroke-width="2"
              viewBox="0 0 24 24"
              width="24"
              xmlns="http://www.w3.org/2000/svg"
            >
              <path
                d="M4 14a1 1 0 0 1-.78-1.63l9.9-10.2a.5.5 0 0 1 .86.46l-1.92 6.02A1 1 0 0 0 13 10h7a1 1 0 0 1 .78 1.63l-9.9 10.2a.5.5 0 0 1-.86-.46l1.92-6.02A1 1 0 0 0 11 14z"
              />
            </svg>
            <span
              class="text-sm font-medium"
            >
              Validators/SVs
            </span>
          </a>
          <a
            class="flex items-center space-x-2 px-4 py-2 rounded-lg transition-smooth text-muted-foreground hover:text-foreground hover:bg-muted/50"
            data-discover="true"
            href="/validator-licenses"
          >
            <svg
              class="lucide lucide-ticket h-4 w-4"
              fill="none"
              height="24"
              stroke="currentColor"
              stroke-linecap="round"
              stroke-linejoin="round"
              stroke-width="2"
              viewBox="0 0 24 24"
              width="24"
              xmlns="http://www.w3.org/2000/svg"
            >
              <path
                d="M2 9a3 3 0 0 1 0 6v2a2 2 0 0 0 2 2h16a2 2 0 0 0 2-2v-2a3 3 0 0 1 0-6V7a2 2 0 0 0-2-2H4a2 2 0 0 0-2 2Z"
              />
              <path
                d="M13 5v2"
              />
              <path
                d="M13 17v2"
              />
              <path
                d="M13 11v2"
              />
            </svg>
            <span
              class="text-sm font-medium"
            >
              Validator Licenses
            </span>
          </a>
          <a
            class="flex items-center space-x-2 px-4 py-2 rounded-lg transition-smooth text-muted-foreground hover:text-foreground hover:bg-muted/50"
            data-discover="true"
            href="/round-stats"
          >
            <svg
              class="lucide lucide-layers h-4 w-4"
              fill="none"
              height="24"
              stroke="currentColor"
              stroke-linecap="round"
              stroke-linejoin="round"
              stroke-width="2"
              viewBox="0 0 24 24"
              width="24"
              xmlns="http://www.w3.org/2000/svg"
            >
              <path
                d="m12.83 2.18a2 2 0 0 0-1.66 0L2.6 6.08a1 1 0 0 0 0 1.83l8.58 3.91a2 2 0 0 0 1.66 0l8.58-3.9a1 1 0 0 0 0-1.83Z"
              />
              <path
                d="m22 17.65-9.17 4.16a2 2 0 0 1-1.66 0L2 17.65"
              />
              <path
                d="m22 12.65-9.17 4.16a2 2 0 0 1-1.66 0L2 12.65"
              />
            </svg>
            <span
              class="text-sm font-medium"
            >
              Round Stats
            </span>
          </a>
          <a
            class="flex items-center space-x-2 px-4 py-2 rounded-lg transition-smooth text-muted-foreground hover:text-foreground hover:bg-muted/50"
            data-discover="true"
            href="/ans"
          >
            <svg
              class="lucide lucide-globe h-4 w-4"
              fill="none"
              height="24"
              stroke="currentColor"
              stroke-linecap="round"
              stroke-linejoin="round"
              stroke-width="2"
              viewBox="0 0 24 24"
              width="24"
              xmlns="http://www.w3.org/2000/svg"
            >
              <circle
                cx="12"
                cy="12"
                r="10"
              />
              <path
                d="M12 2a14.5 14.5 0 0 0 0 20 14.5 14.5 0 0 0 0-20"
              />
              <path
                d="M2 12h20"
              />
            </svg>
            <span
              class="text-sm font-medium"
            >
              ANS
            </span>
          </a>
          <a
            class="flex items-center space-x-2 px-4 py-2 rounded-lg transition-smooth text-muted-foreground hover:text-foreground hover:bg-muted/50"
            data-discover="true"
            href="/apps"
          >
            <svg
              class="lucide lucide-package h-4 w-4"
              fill="none"
              height="24"
              stroke="currentColor"
              stroke-linecap="round"
              stroke-linejoin="round"
              stroke-width="2"
              viewBox="0 0 24 24"
              width="24"
              xmlns="http://www.w3.org/2000/svg"
            >
              <path
                d="M11 21.73a2 2 0 0 0 2 0l7-4A2 2 0 0 0 21 16V8a2 2 0 0 0-1-1.73l-7-4a2 2 0 0 0-2 0l-7 4A2 2 0 0 0 3 8v8a2 2 0 0 0 1 1.73z"
              />
              <path
                d="M12 22V12"
              />
              <path
                d="m3.3 7 7.703 4.734a2 2 0 0 0 1.994 0L20.7 7"
              />
              <path
                d="m7.5 4.27 9 5.15"
              />
            </svg>
            <span
              class="text-sm font-medium"
            >
              Featured Apps
            </span>
          </a>
          <a
            class="flex items-center space-x-2 px-4 py-2 rounded-lg transition-smooth text-muted-foreground hover:text-foreground hover:bg-muted/50"
            data-discover="true"
            href="/governance"
          >
            <svg
              class="lucide lucide-vote h-4 w-4"
              fill="none"
              height="24"
              stroke="currentColor"
              stroke-linecap="round"
              stroke-linejoin="round"
              stroke-width="2"
              viewBox="0 0 24 24"
              width="24"
              xmlns="http://www.w3.org/2000/svg"
            >
              <path
                d="m9 12 2 2 4-4"
              />
              <path
                d="M5 7c0-1.1.9-2 2-2h10a2 2 0 0 1 2 2v12H5V7Z"
              />
              <path
                d="M22 19H2"
              />
            </svg>
            <span
              class="text-sm font-medium"
            >
              Governance
            </span>
          </a>
          <a
            class="flex items-center space-x-2 px-4 py-2 rounded-lg transition-smooth text-muted-foreground hover:text-foreground hover:bg-muted/50"
            data-discover="true"
            href="/governance-flow"
          >
            <svg
              class="lucide lucide-git-branch h-4 w-4"
              fill="none"
              height="24"
              stroke="currentColor"
              stroke-linecap="round"
              stroke-linejoin="round"
              stroke-width="2"
              viewBox="0 0 24 24"
              width="24"
              xmlns="http://www.w3.org/2000/svg"
            >
              <line
                x1="6"
                x2="6"
                y1="3"
                y2="15"
              />
              <circle
                cx="18"
                cy="6"
                r="3"
              />
              <circle
                cx="6"
                cy="18"
                r="3"
              />
              <path
                d="M18 9a9 9 0 0 1-9 9"
              />
            </svg>
            <span
              class="text-sm font-medium"
            >
              Governance Flow
            </span>
          </a>
          <a
            class="flex items-center space-x-2 px-4 py-2 rounded-lg transition-smooth text-muted-foreground hover:text-foreground hover:bg-muted/50"
            data-discover="true"
            href="/elections"
          >
            <svg
              class="lucide lucide-vote h-4 w-4"
              fill="none"
              height="24"
              stroke="currentColor"
              stroke-linecap="round"
              stroke-linejoin="round"
              stroke-width="2"
              viewBox="0 0 24 24"
              width="24"
              xmlns="http://www.w3.org/2000/svg"
            >
              <path
                d="m9 12 2 2 4-4"
              />
              <path
                d="M5 7c0-1.1.9-2 2-2h10a2 2 0 0 1 2 2v12H5V7Z"
              />
              <path
                d="M22 19H2"
              />
            </svg>
            <span
              class="text-sm font-medium"
            >
              Elections
            </span>
          </a>
          <a
            class="flex items-center space-x-2 px-4 py-2 rounded-lg transition-smooth text-muted-foreground hover:text-foreground hover:bg-muted/50"
            data-discover="true"
            href="/external-party-setup"
          >
            <svg
              class="lucide lucide-user-plus h-4 w-4"
              fill="none"
              height="24"
              stroke="currentColor"
              stroke-linecap="round"
              stroke-linejoin="round"
              stroke-width="2"
              viewBox="0 0 24 24"
              width="24"
              xmlns="http://www.w3.org/2000/svg"
            >
              <path
                d="M16 21v-2a4 4 0 0 0-4-4H6a4 4 0 0 0-4 4v2"
              />
              <circle
                cx="9"
                cy="7"
                r="4"
              />
              <line
                x1="19"
                x2="19"
                y1="8"
                y2="14"
              />
              <line
                x1="22"
                x2="16"
                y1="11"
                y2="11"
              />
            </svg>
            <span
              class="text-sm font-medium"
            >
              External Party
            </span>
          </a>
          <a
            class="flex items-center space-x-2 px-4 py-2 rounded-lg transition-smooth text-muted-foreground hover:text-foreground hover:bg-muted/50"
            data-discover="true"
            href="/transfer-counters"
          >
            <svg
              class="lucide lucide-hash h-4 w-4"
              fill="none"
              height="24"
              stroke="currentColor"
              stroke-linecap="round"
              stroke-linejoin="round"
              stroke-width="2"
              viewBox="0 0 24 24"
              width="24"
              xmlns="http://www.w3.org/2000/svg"
            >
              <line
                x1="4"
                x2="20"
                y1="9"
                y2="9"
              />
              <line
                x1="4"
                x2="20"
                y1="15"
                y2="15"
              />
              <line
                x1="10"
                x2="8"
                y1="3"
                y2="21"
              />
              <line
                x1="16"
                x2="14"
                y1="3"
                y2="21"
              />
            </svg>
            <span
              class="text-sm font-medium"
            >
              Transfer Counters
            </span>
          </a>
          <a
            class="flex items-center space-x-2 px-4 py-2 rounded-lg transition-smooth text-muted-foreground hover:text-foreground hover:bg-muted/50"
            data-discover="true"
            href="/external-party-rules"
          >
            <svg
              class="lucide lucide-shield h-4 w-4"
              fill="none"
              height="24"
              stroke="currentColor"
              stroke-linecap="round"
              stroke-linejoin="round"
              stroke-width="2"
              viewBox="0 0 24 24"
              width="24"
              xmlns="http://www.w3.org/2000/svg"
            >
              <path
                d="M20 13c0 5-3.5 7.5-7.66 8.95a1 1 0 0 1-.67-.01C7.5 20.5 4 18 4 13V6a1 1 0 0 1 1-1c2 0 4.5-1.2 6.24-2.72a1.17 1.17 0 0 1 1.52 0C14.51 3.81 17 5 19 5a1 1 0 0 1 1 1z"
              />
            </svg>
            <span
              class="text-sm font-medium"
            >
              External Party Rules
            </span>
          </a>
          <a
            class="flex items-center space-x-2 px-4 py-2 rounded-lg transition-smooth text-muted-foreground hover:text-foreground hover:bg-muted/50"
            data-discover="true"
            href="/amulet-rules"
          >
            <svg
              class="lucide lucide-shield h-4 w-4"
              fill="none"
              height="24"
              stroke="currentColor"
              stroke-linecap="round"
              stroke-linejoin="round"
              stroke-width="2"
              viewBox="0 0 24 24"
              width="24"
              xmlns="http://www.w3.org/2000/svg"
            >
              <path
                d="M20 13c0 5-3.5 7.5-7.66 8.95a1 1 0 0 1-.67-.01C7.5 20.5 4 18 4 13V6a1 1 0 0 1 1-1c2 0 4.5-1.2 6.24-2.72a1.17 1.17 0 0 1 1.52 0C14.51 3.81 17 5 19 5a1 1 0 0 1 1 1z"
              />
            </svg>
            <span
              class="text-sm font-medium"
            >
              Amulet Rules
            </span>
          </a>
          <a
            class="flex items-center space-x-2 px-4 py-2 rounded-lg transition-smooth text-muted-foreground hover:text-foreground hover:bg-muted/50"
            data-discover="true"
            href="/stats"
          >
            <svg
              class="lucide lucide-database h-4 w-4"
              fill="none"
              height="24"
              stroke="currentColor"
              stroke-linecap="round"
              stroke-linejoin="round"
              stroke-width="2"
              viewBox="0 0 24 24"
              width="24"
              xmlns="http://www.w3.org/2000/svg"
            >
              <ellipse
                cx="12"
                cy="5"
                rx="9"
                ry="3"
              />
              <path
                d="M3 5V19A9 3 0 0 0 21 19V5"
              />
              <path
                d="M3 12A9 3 0 0 0 21 12"
              />
            </svg>
            <span
              class="text-sm font-medium"
            >
              Statistics
            </span>
          </a>
          <a
            class="flex items-center space-x-2 px-4 py-2 rounded-lg transition-smooth text-muted-foreground hover:text-foreground hover:bg-muted/50"
            data-discover="true"
            href="/unclaimed-sv-rewards"
          >
            <svg
              class="lucide lucide-award h-4 w-4"
              fill="none"
              height="24"
              stroke="currentColor"
              stroke-linecap="round"
              stroke-linejoin="round"
              stroke-width="2"
              viewBox="0 0 24 24"
              width="24"
              xmlns="http://www.w3.org/2000/svg"
            >
              <path
                d="m15.477 12.89 1.515 8.526a.5.5 0 0 1-.81.47l-3.58-2.687a1 1 0 0 0-1.197 0l-3.586 2.686a.5.5 0 0 1-.81-.469l1.514-8.526"
              />
              <circle
                cx="12"
                cy="8"
                r="6"
              />
            </svg>
            <span
              class="text-sm font-medium"
            >
              SV Rewards
            </span>
          </a>
          <a
            class="flex items-center space-x-2 px-4 py-2 rounded-lg transition-smooth text-muted-foreground hover:text-foreground hover:bg-muted/50"
            data-discover="true"
            href="/member-traffic"
          >
            <svg
              class="lucide lucide-radio h-4 w-4"
              fill="none"
              height="24"
              stroke="currentColor"
              stroke-linecap="round"
              stroke-linejoin="round"
              stroke-width="2"
              viewBox="0 0 24 24"
              width="24"
              xmlns="http://www.w3.org/2000/svg"
            >
              <path
                d="M4.9 19.1C1 15.2 1 8.8 4.9 4.9"
              />
              <path
                d="M7.8 16.2c-2.3-2.3-2.3-6.1 0-8.5"
              />
              <circle
                cx="12"
                cy="12"
                r="2"
              />
              <path
                d="M16.2 7.8c2.3 2.3 2.3 6.1 0 8.5"
              />
              <path
                d="M19.1 4.9C23 8.8 23 15.1 19.1 19"
              />
            </svg>
            <span
              class="text-sm font-medium"
            >
              Member Traffic
            </span>
          </a>
          <a
            class="flex items-center space-x-2 px-4 py-2 rounded-lg transition-smooth text-muted-foreground hover:text-foreground hover:bg-muted/50"
            data-discover="true"
            href="/subscriptions"
          >
            <svg
              class="lucide lucide-package h-4 w-4"
              fill="none"
              height="24"
              stroke="currentColor"
              stroke-linecap="round"
              stroke-linejoin="round"
              stroke-width="2"
              viewBox="0 0 24 24"
              width="24"
              xmlns="http://www.w3.org/2000/svg"
            >
              <path
                d="M11 21.73a2 2 0 0 0 2 0l7-4A2 2 0 0 0 21 16V8a2 2 0 0 0-1-1.73l-7-4a2 2 0 0 0-2 0l-7 4A2 2 0 0 0 3 8v8a2 2 0 0 0 1 1.73z"
              />
              <path
                d="M12 22V12"
              />
              <path
                d="m3.3 7 7.703 4.734a2 2 0 0 0 1.994 0L20.7 7"
              />
              <path
                d="m7.5 4.27 9 5.15"
              />
            </svg>
            <span
              class="text-sm font-medium"
            >
              Subscriptions
            </span>
          </a>
          <a
            class="flex items-center space-x-2 px-4 py-2 rounded-lg transition-smooth text-muted-foreground hover:text-foreground hover:bg-muted/50"
            data-discover="true"
            href="/dso-state"
          >
            <svg
              class="lucide lucide-users h-4 w-4"
              fill="none"
              height="24"
              stroke="currentColor"
              stroke-linecap="round"
              stroke-linejoin="round"
              stroke-width="2"
              viewBox="0 0 24 24"
              width="24"
              xmlns="http://www.w3.org/2000/svg"
            >
              <path
                d="M16 21v-2a4 4 0 0 0-4-4H6a4 4 0 0 0-4 4v2"
              />
              <circle
                cx="9"
                cy="7"
                r="4"
              />
              <path
                d="M22 21v-2a4 4 0 0 0-3-3.87"
              />
              <path
                d="M16 3.13a4 4 0 0 1 0 7.75"
              />
            </svg>
            <span
              class="text-sm font-medium"
            >
              DSO State
            </span>
          </a>
          <a
            class="flex items-center space-x-2 px-4 py-2 rounded-lg transition-smooth text-muted-foreground hover:text-foreground hover:bg-muted/50"
            data-discover="true"
            href="/snapshot-progress"
          >
            <svg
              class="lucide lucide-upload h-4 w-4"
              fill="none"
              height="24"
              stroke="currentColor"
              stroke-linecap="round"
              stroke-linejoin="round"
              stroke-width="2"
              viewBox="0 0 24 24"
              width="24"
              xmlns="http://www.w3.org/2000/svg"
            >
              <path
                d="M21 15v4a2 2 0 0 1-2 2H5a2 2 0 0 1-2-2v-4"
              />
              <polyline
                points="17 8 12 3 7 8"
              />
              <line
                x1="12"
                x2="12"
                y1="3"
                y2="15"
              />
            </svg>
            <span
              class="text-sm font-medium"
            >
              ACS Snapshot
            </span>
          </a>
          <a
            class="flex items-center space-x-2 px-4 py-2 rounded-lg transition-smooth text-muted-foreground hover:text-foreground hover:bg-muted/50"
            data-discover="true"
            href="/ingestion"
          >
            <svg
              class="lucide lucide-database h-4 w-4"
              fill="none"
              height="24"
              stroke="currentColor"
              stroke-linecap="round"
              stroke-linejoin="round"
              stroke-width="2"
              viewBox="0 0 24 24"
              width="24"
              xmlns="http://www.w3.org/2000/svg"
            >
              <ellipse
                cx="12"
                cy="5"
                rx="9"
                ry="3"
              />
              <path
                d="M3 5V19A9 3 0 0 0 21 19V5"
              />
              <path
                d="M3 12A9 3 0 0 0 21 12"
              />
            </svg>
            <span
              class="text-sm font-medium"
            >
              Ingestion
            </span>
          </a>
          <a
            class="flex items-center space-x-2 px-4 py-2 rounded-lg transition-smooth text-muted-foreground hover:text-foreground hover:bg-muted/50"
            data-discover="true"
            href="/backfill-progress"
          >
            <svg
              class="lucide lucide-clock h-4 w-4"
              fill="none"
              height="24"
              stroke="currentColor"
              stroke-linecap="round"
              stroke-linejoin="round"
              stroke-width="2"
              viewBox="0 0 24 24"
              width="24"
              xmlns="http://www.w3.org/2000/svg"
            >
              <circle
                cx="12"
                cy="12"
                r="10"
              />
              <polyline
                points="12 6 12 12 16 14"
              />
            </svg>
            <span
              class="text-sm font-medium"
            >
              Backfill Progress
            </span>
          </a>
          <a
            class="flex items-center space-x-2 px-4 py-2 rounded-lg transition-smooth text-muted-foreground hover:text-foreground hover:bg-muted/50"
            data-discover="true"
            href="/live-updates"
          >
            <svg
              class="lucide lucide-trending-up h-4 w-4"
              fill="none"
              height="24"
              stroke="currentColor"
              stroke-linecap="round"
              stroke-linejoin="round"
              stroke-width="2"
              viewBox="0 0 24 24"
              width="24"
              xmlns="http://www.w3.org/2000/svg"
            >
              <polyline
                points="22 7 13.5 15.5 8.5 10.5 2 17"
              />
              <polyline
                points="16 7 22 7 22 13"
              />
            </svg>
            <span
              class="text-sm font-medium"
            >
              Live Updates
            </span>
          </a>
          <a
            class="flex items-center space-x-2 px-4 py-2 rounded-lg transition-smooth text-muted-foreground hover:text-foreground hover:bg-muted/50"
            data-discover="true"
            href="/kaiko-feed"
          >
            <svg
              class="lucide lucide-chart-candlestick h-4 w-4"
              fill="none"
              height="24"
              stroke="currentColor"
              stroke-linecap="round"
              stroke-linejoin="round"
              stroke-width="2"
              viewBox="0 0 24 24"
              width="24"
              xmlns="http://www.w3.org/2000/svg"
            >
              <path
                d="M9 5v4"
              />
              <rect
                height="6"
                rx="1"
                width="4"
                x="7"
                y="9"
              />
              <path
                d="M9 15v2"
              />
              <path
                d="M17 3v2"
              />
              <rect
                height="8"
                rx="1"
                width="4"
                x="15"
                y="5"
              />
              <path
                d="M17 13v3"
              />
              <path
                d="M3 3v16a2 2 0 0 0 2 2h16"
              />
            </svg>
            <span
              class="text-sm font-medium"
            >
              Kaiko Feed
            </span>
          </a>
          <a
            class="flex items-center space-x-2 px-4 py-2 rounded-lg transition-smooth text-muted-foreground hover:text-foreground hover:bg-muted/50"
            data-discover="true"
            href="/admin"
          >
            <svg
              class="lucide lucide-shield h-4 w-4"
              fill="none"
              height="24"
              stroke="currentColor"
              stroke-linecap="round"
              stroke-linejoin="round"
              stroke-width="2"
              viewBox="0 0 24 24"
              width="24"
              xmlns="http://www.w3.org/2000/svg"
            >
              <path
                d="M20 13c0 5-3.5 7.5-7.66 8.95a1 1 0 0 1-.67-.01C7.5 20.5 4 18 4 13V6a1 1 0 0 1 1-1c2 0 4.5-1.2 6.24-2.72a1.17 1.17 0 0 1 1.52 0C14.51 3.81 17 5 19 5a1 1 0 0 1 1 1z"
              />
            </svg>
            <span
              class="text-sm font-medium"
            >
              Admin
            </span>
          </a>
          <a
            class="flex items-center space-x-2 px-4 py-2 rounded-lg transition-smooth text-muted-foreground hover:text-foreground hover:bg-muted/50"
            data-discover="true"
            href="/templates"
          >
            <svg
              class="lucide lucide-file-text h-4 w-4"
              fill="none"
              height="24"
              stroke="currentColor"
              stroke-linecap="round"
              stroke-linejoin="round"
              stroke-width="2"
              viewBox="0 0 24 24"
              width="24"
              xmlns="http://www.w3.org/2000/svg"
            >
              <path
                d="M15 2H6a2 2 0 0 0-2 2v16a2 2 0 0 0 2 2h12a2 2 0 0 0 2-2V7Z"
              />
              <path
                d="M14 2v4a2 2 0 0 0 2 2h4"
              />
              <path
                d="M10 9H8"
              />
              <path
                d="M16 13H8"
              />
              <path
                d="M16 17H8"
              />
            </svg>
            <span
              class="text-sm font-medium"
            >
              Templates
            </span>
          </a>
        </nav>
      </div>
    </header>
    <main
      class="container mx-auto px-6 py-8"
    >
      <div
        data-testid="child-content"
      >
        Test Content
      </div>
    </main>
    <div
      class="fixed bottom-4 right-4 z-50"
    >
      <div
        class="p-2 rounded-full shadow-lg border transition-all bg-muted border-muted-foreground/20 animate-pulse"
        data-state="closed"
      >
        <svg
          class="lucide lucide-wifi h-5 w-5 text-muted-foreground animate-pulse"
          fill="none"
          height="24"
          stroke="currentColor"
          stroke-linecap="round"
          stroke-linejoin="round"
          stroke-width="2"
          viewBox="0 0 24 24"
          width="24"
          xmlns="http://www.w3.org/2000/svg"
        >
          <path
            d="M12 20h.01"
          />
          <path
            d="M2 8.82a15 15 0 0 1 20 0"
          />
          <path
            d="M5 12.859a10 10 0 0 1 14 0"
          />
          <path
            d="M8.5 16.429a5 5 0 0 1 7 0"
          />
        </svg>
      </div>
    </div>
  </div>
</div>
`;
